// Jest Snapshot v1, https://goo.gl/fbAQLP

exports[`VBorderedCard renders correctly 1`] = `
<v-card
  class="bordered-card primary--text bordered-left"
  hover=""
  nuxt=""
  ripple=""
  tile=""
/>
`;
